18:15:33 **** Incremental Build of configuration Debug for project PID ****
make -j8 all 
arm-none-eabi-gcc "../Core/Src/pid.c" -mcpu=cortex-m3 -std=gnu11 -g3 -DDEBUG -DUSE_HAL_DRIVER -DSTM32F103xB -c -I../Core/Inc -I../Drivers/STM32F1xx_HAL_Driver/Inc -I../Drivers/STM32F1xx_HAL_Driver/Inc/Legacy -I../Drivers/CMSIS/Device/ST/STM32F1xx/Include -I../Drivers/CMSIS/Include -O0 -ffunction-sections -fdata-sections -Wall -fstack-usage -MMD -MP -MF"Core/Src/pid.d" -MT"Core/Src/pid.o" --specs=nano.specs -mfloat-abi=soft -mthumb -o "Core/Src/pid.o"
arm-none-eabi-gcc -o "PID.elf" @"objects.list"   -mcpu=cortex-m3 -T"H:\Embedded\ST\PID\PID\STM32F103C8TX_FLASH.ld" --specs=nosys.specs -Wl,-Map="PID.map" -Wl,--gc-sections -static --specs=nano.specs -mfloat-abi=soft -mthumb -u _printf_float -Wl,--start-group -lc -lm -Wl,--end-group
Finished building target: PID.elf
 
arm-none-eabi-objdump -h -S  PID.elf  > "PID.list"
arm-none-eabi-objcopy  -O binary  PID.elf  "PID.bin"
arm-none-eabi-size   PID.elf 
   text	   data	    bss	    dec	    hex	filename
  32300	    492	   1884	  34676	   8774	PID.elf
Finished building: default.size.stdout
 
Finished building: PID.bin
 
Finished building: PID.list
 
